// Jest Snapshot v1, https://goo.gl/fbAQLP

exports[`Tag can render 1`] = `
<div>
  <div
    class="StyledBox-sc-13pk1d4-0 dAnYqx Tag"
  >
    <span
      class="StyledText-sc-1sadyjn-0 hncrgS"
    />
  </div>
</div>
`;
