// Jest Snapshot v1, https://goo.gl/fbAQLP

exports[`LayoutExplorer can render 1`] = `
<div>
  <div
    class="StyledGrid-sc-1wofa1l-0 fQRmFd"
  >
    <div
      class="StyledBox-sc-13pk1d4-0 eZhnlJ"
    >
      <header
        class="StyledBox-sc-13pk1d4-0 cCcTLd"
      >
        <h3
          class="StyledHeading-sc-1rdh4aw-0 eEcLoL"
        >
          Layout Generator
        </h3>
        <div
          class="StyledBox__StyledBoxGap-sc-13pk1d4-1 cxqgXz"
        />
        <button
          class="StyledButton-sc-323bzc-0 gLndZo"
          type="button"
        >
          Add Layout
        </button>
      </header>
      <div
        class="StyledBox-sc-13pk1d4-0 jXYzWq"
      >
        <div
          class="StyledStack-ajspsk-0 liEjfH BoxLayout"
        >
          <div
            class="StyledStack__StyledStackLayer-ajspsk-1 eFfYoG"
          >
            <div
              class="StyledBox-sc-13pk1d4-0 lheijr"
              tabindex="0"
            >
              <div
                class="StyledStack-ajspsk-0 liEjfH BoxLayout"
              >
                <div
                  class="StyledStack__StyledStackLayer-ajspsk-1 eFfYoG"
                >
                  <div
                    class="StyledBox-sc-13pk1d4-0 fRNLiv"
                    tabindex="0"
                  />
                </div>
                <div
                  class="StyledStack__StyledStackLayer-ajspsk-1 bhQrqd"
                >
                  <button
                    class="StyledButton-sc-323bzc-0 jFJBys"
                    type="button"
                  >
                    <div
                      class="StyledBox-sc-13pk1d4-0 hAiqPH"
                    >
                      <svg
                        aria-label="AddCircle"
                        class="StyledIcon-ofa7kd-0 cQVwrT"
                        viewBox="0 0 24 24"
                      >
                        <path
                          d="M12,22 C17.5228475,22 22,17.5228475 22,12 C22,6.4771525 17.5228475,2 12,2 C6.4771525,2 2,6.4771525 2,12 C2,17.5228475 6.4771525,22 12,22 Z M12,18 L12,6 M6,12 L18,12"
                          fill="none"
                          stroke="#000"
                          stroke-width="2"
                        />
                      </svg>
                      <div
                        class="StyledBox__StyledBoxGap-sc-13pk1d4-1 cPZcyD"
                      />
                      <span
                        class="StyledText-sc-1sadyjn-0 hncrgS"
                      >
                        Child 1 of Layout 1
                      </span>
                    </div>
                  </button>
                </div>
              </div>
            </div>
          </div>
          <div
            class="StyledStack__StyledStackLayer-ajspsk-1 bhQrqd"
          >
            <button
              class="StyledButton-sc-323bzc-0 jFJBys"
              type="button"
            >
              <div
                class="StyledBox-sc-13pk1d4-0 hAiqPH"
              >
                <svg
                  aria-label="AddCircle"
                  class="StyledIcon-ofa7kd-0 cQVwrT"
                  viewBox="0 0 24 24"
                >
                  <path
                    d="M12,22 C17.5228475,22 22,17.5228475 22,12 C22,6.4771525 17.5228475,2 12,2 C6.4771525,2 2,6.4771525 2,12 C2,17.5228475 6.4771525,22 12,22 Z M12,18 L12,6 M6,12 L18,12"
                    fill="none"
                    stroke="#000"
                    stroke-width="2"
                  />
                </svg>
                <div
                  class="StyledBox__StyledBoxGap-sc-13pk1d4-1 cPZcyD"
                />
                <span
                  class="StyledText-sc-1sadyjn-0 hncrgS"
                >
                  Layout 1
                </span>
              </div>
            </button>
          </div>
        </div>
      </div>
    </div>
    <div
      class="StyledBox-sc-13pk1d4-0 liyyvi"
    >
      <h4
        class="StyledHeading-sc-1rdh4aw-0 bqNAXo"
      >
        Child 1 of Layout 1
      </h4>
      <div
        class="StyledBox__StyledBoxGap-sc-13pk1d4-1 jtjTeE"
      />
      <div
        class="StyledBox-sc-13pk1d4-0 bFwQzJ"
      >
        <div
          class="StyledBox-sc-13pk1d4-0 iKsQBO"
        >
          <div
            class="StyledBox-sc-13pk1d4-0 dtCrhk FormField__FormFieldBox-m9hood-0 eenrNp"
          >
            <label
              class="StyledText-sc-1sadyjn-0 enbIRN"
            >
              a11yTitle
            </label>
            <div
              class="StyledBox-sc-13pk1d4-0 cptOIG FormField__FormFieldContentBox-m9hood-1 ckZStK"
            />
            <span
              class="StyledText-sc-1sadyjn-0 ffslce"
            >
              Custom label to be used by screen readers. When provided, an aria-label will
   be added to the element.
            </span>
          </div>
        </div>
        <div
          class="StyledBox__StyledBoxGap-sc-13pk1d4-1 iecCCa"
        />
        <div
          class="StyledBox-sc-13pk1d4-0 iKsQBO"
        >
          <div
            class="StyledBox-sc-13pk1d4-0 dtCrhk FormField__FormFieldBox-m9hood-0 eenrNp"
          >
            <label
              class="StyledText-sc-1sadyjn-0 enbIRN"
            >
              alignSelf
            </label>
            <div
              class="StyledBox-sc-13pk1d4-0 cptOIG FormField__FormFieldContentBox-m9hood-1 ckZStK"
            />
            <span
              class="StyledText-sc-1sadyjn-0 ffslce"
            >
              How to align along the cross axis when contained in
      a Box or along the column axis when contained in a Grid.
            </span>
          </div>
        </div>
        <div
          class="StyledBox__StyledBoxGap-sc-13pk1d4-1 iecCCa"
        />
        <div
          class="StyledBox-sc-13pk1d4-0 iKsQBO"
        >
          <div
            class="StyledBox-sc-13pk1d4-0 dtCrhk FormField__FormFieldBox-m9hood-0 eenrNp"
          >
            <label
              class="StyledText-sc-1sadyjn-0 enbIRN"
            >
              gridArea
            </label>
            <div
              class="StyledBox-sc-13pk1d4-0 cptOIG FormField__FormFieldContentBox-m9hood-1 ckZStK"
            />
            <span
              class="StyledText-sc-1sadyjn-0 ffslce"
            >
              The name of the area to place
    this inside a parent Grid.
            </span>
          </div>
        </div>
        <div
          class="StyledBox__StyledBoxGap-sc-13pk1d4-1 iecCCa"
        />
        <div
          class="StyledBox-sc-13pk1d4-0 iKsQBO"
        >
          <div
            class="StyledBox-sc-13pk1d4-0 dtCrhk FormField__FormFieldBox-m9hood-0 eenrNp"
          >
            <label
              class="StyledText-sc-1sadyjn-0 enbIRN"
            >
              margin
            </label>
            <div
              class="StyledBox-sc-13pk1d4-0 cptOIG FormField__FormFieldContentBox-m9hood-1 ckZStK"
            />
            <span
              class="StyledText-sc-1sadyjn-0 ffslce"
            >
              The amount of margin around the component. An object can
    be specified to distinguish horizontal margin, vertical margin, and
    margin on a particular side.
            </span>
          </div>
        </div>
        <div
          class="StyledBox__StyledBoxGap-sc-13pk1d4-1 iecCCa"
        />
        <div
          class="StyledBox-sc-13pk1d4-0 iKsQBO"
        >
          <div
            class="StyledBox-sc-13pk1d4-0 dtCrhk FormField__FormFieldBox-m9hood-0 eenrNp"
          >
            <label
              class="StyledText-sc-1sadyjn-0 enbIRN"
            >
              align
            </label>
            <div
              class="StyledBox-sc-13pk1d4-0 cptOIG FormField__FormFieldContentBox-m9hood-1 ckZStK"
            />
            <span
              class="StyledText-sc-1sadyjn-0 ffslce"
            >
              How to align the contents along the cross axis.
            </span>
          </div>
        </div>
        <div
          class="StyledBox__StyledBoxGap-sc-13pk1d4-1 iecCCa"
        />
        <div
          class="StyledBox-sc-13pk1d4-0 iKsQBO"
        >
          <div
            class="StyledBox-sc-13pk1d4-0 dtCrhk FormField__FormFieldBox-m9hood-0 eenrNp"
          >
            <label
              class="StyledText-sc-1sadyjn-0 enbIRN"
            >
              alignContent
            </label>
            <div
              class="StyledBox-sc-13pk1d4-0 cptOIG FormField__FormFieldContentBox-m9hood-1 ckZStK"
            />
            <span
              class="StyledText-sc-1sadyjn-0 ffslce"
            >
              How to align the contents when there is extra space in
        the cross axis.
            </span>
          </div>
        </div>
        <div
          class="StyledBox__StyledBoxGap-sc-13pk1d4-1 iecCCa"
        />
        <div
          class="StyledBox-sc-13pk1d4-0 iKsQBO"
        >
          <div
            class="StyledBox-sc-13pk1d4-0 dtCrhk FormField__FormFieldBox-m9hood-0 eenrNp"
          >
            <label
              class="StyledText-sc-1sadyjn-0 enbIRN"
            >
              animation
            </label>
            <div
              class="StyledBox-sc-13pk1d4-0 cptOIG FormField__FormFieldContentBox-m9hood-1 ckZStK"
            />
            <span
              class="StyledText-sc-1sadyjn-0 ffslce"
            >
              Animation effect(s) to use. 'duration' and 'delay' should
        be in milliseconds. 'jiggle' and 'pulse' types are intended for
        small elements, like icons.
            </span>
          </div>
        </div>
        <div
          class="StyledBox__StyledBoxGap-sc-13pk1d4-1 iecCCa"
        />
        <div
          class="StyledBox-sc-13pk1d4-0 iKsQBO"
        >
          <div
            class="StyledBox-sc-13pk1d4-0 dtCrhk FormField__FormFieldBox-m9hood-0 eenrNp"
          >
            <label
              class="StyledText-sc-1sadyjn-0 enbIRN"
            >
              background
            </label>
            <div
              class="StyledBox-sc-13pk1d4-0 cptOIG FormField__FormFieldContentBox-m9hood-1 ckZStK"
            />
            <span
              class="StyledText-sc-1sadyjn-0 ffslce"
            >
              Either a color
identifier to use for the background color. For example: 'neutral-1'. Or, a
'url()' for an image. Dark is not needed if color is provided.
            </span>
          </div>
        </div>
        <div
          class="StyledBox__StyledBoxGap-sc-13pk1d4-1 iecCCa"
        />
        <div
          class="StyledBox-sc-13pk1d4-0 iKsQBO"
        >
          <div
            class="StyledBox-sc-13pk1d4-0 dtCrhk FormField__FormFieldBox-m9hood-0 eenrNp"
          >
            <label
              class="StyledText-sc-1sadyjn-0 enbIRN"
            >
              basis
            </label>
            <div
              class="StyledBox-sc-13pk1d4-0 cptOIG FormField__FormFieldContentBox-m9hood-1 ckZStK"
            />
            <span
              class="StyledText-sc-1sadyjn-0 ffslce"
            >
              A fixed or relative size along its container's main axis.
            </span>
          </div>
        </div>
        <div
          class="StyledBox__StyledBoxGap-sc-13pk1d4-1 iecCCa"
        />
        <div
          class="StyledBox-sc-13pk1d4-0 iKsQBO"
        >
          <div
            class="StyledBox-sc-13pk1d4-0 dtCrhk FormField__FormFieldBox-m9hood-0 eenrNp"
          >
            <label
              class="StyledText-sc-1sadyjn-0 enbIRN"
            >
              border
            </label>
            <div
              class="StyledBox-sc-13pk1d4-0 cptOIG FormField__FormFieldContentBox-m9hood-1 ckZStK"
            />
            <span
              class="StyledText-sc-1sadyjn-0 ffslce"
            >
              Include a border. 'between' will place a border in the gap between
      child elements. You must have a 'gap' to use 'between'.
            </span>
          </div>
        </div>
        <div
          class="StyledBox__StyledBoxGap-sc-13pk1d4-1 iecCCa"
        />
        <div
          class="StyledBox-sc-13pk1d4-0 iKsQBO"
        >
          <div
            class="StyledBox-sc-13pk1d4-0 dtCrhk FormField__FormFieldBox-m9hood-0 eenrNp"
          >
            <label
              class="StyledText-sc-1sadyjn-0 enbIRN"
            >
              direction
            </label>
            <div
              class="StyledBox-sc-13pk1d4-0 cptOIG FormField__FormFieldContentBox-m9hood-1 ckZStK"
            />
            <span
              class="StyledText-sc-1sadyjn-0 ffslce"
            >
              The orientation to layout the child components in.
            </span>
          </div>
        </div>
        <div
          class="StyledBox__StyledBoxGap-sc-13pk1d4-1 iecCCa"
        />
        <div
          class="StyledBox-sc-13pk1d4-0 iKsQBO"
        >
          <div
            class="StyledBox-sc-13pk1d4-0 dtCrhk FormField__FormFieldBox-m9hood-0 eenrNp"
          >
            <label
              class="StyledText-sc-1sadyjn-0 enbIRN"
            >
              elevation
            </label>
            <div
              class="StyledBox-sc-13pk1d4-0 cptOIG FormField__FormFieldContentBox-m9hood-1 ckZStK"
            />
            <span
              class="StyledText-sc-1sadyjn-0 ffslce"
            >
              Elevated height above the underlying context, indicated
        via a drop shadow.
            </span>
          </div>
        </div>
        <div
          class="StyledBox__StyledBoxGap-sc-13pk1d4-1 iecCCa"
        />
        <div
          class="StyledBox-sc-13pk1d4-0 iKsQBO"
        >
          <div
            class="StyledBox-sc-13pk1d4-0 dtCrhk FormField__FormFieldBox-m9hood-0 eenrNp"
          >
            <label
              class="StyledText-sc-1sadyjn-0 enbIRN"
            >
              flex
            </label>
            <div
              class="StyledBox-sc-13pk1d4-0 cptOIG FormField__FormFieldContentBox-m9hood-1 ckZStK"
            />
            <span
              class="StyledText-sc-1sadyjn-0 ffslce"
            >
              Whether flex-grow and/or flex-shrink is true and at a desired factor.
            </span>
          </div>
        </div>
        <div
          class="StyledBox__StyledBoxGap-sc-13pk1d4-1 iecCCa"
        />
        <div
          class="StyledBox-sc-13pk1d4-0 iKsQBO"
        >
          <div
            class="StyledBox-sc-13pk1d4-0 dtCrhk FormField__FormFieldBox-m9hood-0 eenrNp"
          >
            <label
              class="StyledText-sc-1sadyjn-0 enbIRN"
            >
              fill
            </label>
            <div
              class="StyledBox-sc-13pk1d4-0 cptOIG FormField__FormFieldContentBox-m9hood-1 ckZStK"
            />
            <span
              class="StyledText-sc-1sadyjn-0 ffslce"
            >
              Whether the width and/or height should fill the container.
            </span>
          </div>
        </div>
        <div
          class="StyledBox__StyledBoxGap-sc-13pk1d4-1 iecCCa"
        />
        <div
          class="StyledBox-sc-13pk1d4-0 iKsQBO"
        >
          <div
            class="StyledBox-sc-13pk1d4-0 dtCrhk FormField__FormFieldBox-m9hood-0 eenrNp"
          >
            <label
              class="StyledText-sc-1sadyjn-0 enbIRN"
            >
              focusIndicator
            </label>
            <div
              class="StyledBox-sc-13pk1d4-0 cptOIG FormField__FormFieldContentBox-m9hood-1 ckZStK"
            />
            <span
              class="StyledText-sc-1sadyjn-0 ffslce"
            >
              When interactive via 'onClick', whether it should receive a focus
        outline.
            </span>
          </div>
        </div>
        <div
          class="StyledBox__StyledBoxGap-sc-13pk1d4-1 iecCCa"
        />
        <div
          class="StyledBox-sc-13pk1d4-0 iKsQBO"
        >
          <div
            class="StyledBox-sc-13pk1d4-0 dtCrhk FormField__FormFieldBox-m9hood-0 eenrNp"
          >
            <label
              class="StyledText-sc-1sadyjn-0 enbIRN"
            >
              gap
            </label>
            <div
              class="StyledBox-sc-13pk1d4-0 cptOIG FormField__FormFieldContentBox-m9hood-1 ckZStK"
            />
            <span
              class="StyledText-sc-1sadyjn-0 ffslce"
            >
              The amount of spacing between child elements. This
        should not be used in conjunction with 'wrap' as the gap elements
        will not wrap gracefully. If a child is a Fragment,
        Box will not add a gap between the choldren of the Fragment.
            </span>
          </div>
        </div>
        <div
          class="StyledBox__StyledBoxGap-sc-13pk1d4-1 iecCCa"
        />
        <div
          class="StyledBox-sc-13pk1d4-0 iKsQBO"
        >
          <div
            class="StyledBox-sc-13pk1d4-0 dtCrhk FormField__FormFieldBox-m9hood-0 eenrNp"
          >
            <label
              class="StyledText-sc-1sadyjn-0 enbIRN"
            >
              height
            </label>
            <div
              class="StyledBox-sc-13pk1d4-0 cptOIG FormField__FormFieldContentBox-m9hood-1 ckZStK"
            />
            <span
              class="StyledText-sc-1sadyjn-0 ffslce"
            >
              A fixed height.
            </span>
          </div>
        </div>
        <div
          class="StyledBox__StyledBoxGap-sc-13pk1d4-1 iecCCa"
        />
        <div
          class="StyledBox-sc-13pk1d4-0 iKsQBO"
        >
          <div
            class="StyledBox-sc-13pk1d4-0 dtCrhk FormField__FormFieldBox-m9hood-0 eenrNp"
          >
            <label
              class="StyledText-sc-1sadyjn-0 enbIRN"
            >
              hoverIndicator
            </label>
            <div
              class="StyledBox-sc-13pk1d4-0 cptOIG FormField__FormFieldContentBox-m9hood-1 ckZStK"
            />
            <span
              class="StyledText-sc-1sadyjn-0 ffslce"
            >
              The hover indicator to apply when the user is mousing over the
button. An object can be also be specified for color index support:
{background: 'neutral-2'}. This prop is meant to be used only
with plain Buttons.
            </span>
          </div>
        </div>
        <div
          class="StyledBox__StyledBoxGap-sc-13pk1d4-1 iecCCa"
        />
        <div
          class="StyledBox-sc-13pk1d4-0 iKsQBO"
        >
          <div
            class="StyledBox-sc-13pk1d4-0 dtCrhk FormField__FormFieldBox-m9hood-0 eenrNp"
          >
            <label
              class="StyledText-sc-1sadyjn-0 enbIRN"
            >
              justify
            </label>
            <div
              class="StyledBox-sc-13pk1d4-0 cptOIG FormField__FormFieldContentBox-m9hood-1 ckZStK"
            />
            <span
              class="StyledText-sc-1sadyjn-0 ffslce"
            >
              How to align the contents along the main axis.
            </span>
          </div>
        </div>
        <div
          class="StyledBox__StyledBoxGap-sc-13pk1d4-1 iecCCa"
        />
        <div
          class="StyledBox-sc-13pk1d4-0 iKsQBO"
        >
          <div
            class="StyledBox-sc-13pk1d4-0 dtCrhk FormField__FormFieldBox-m9hood-0 eenrNp"
          >
            <label
              class="StyledText-sc-1sadyjn-0 enbIRN"
            >
              onClick
            </label>
            <div
              class="StyledBox-sc-13pk1d4-0 cptOIG FormField__FormFieldContentBox-m9hood-1 ckZStK"
            />
            <span
              class="StyledText-sc-1sadyjn-0 ffslce"
            >
              Click handler. Setting this property adds additional attributes to
      the DOM for accessibility.
            </span>
          </div>
        </div>
        <div
          class="StyledBox__StyledBoxGap-sc-13pk1d4-1 iecCCa"
        />
        <div
          class="StyledBox-sc-13pk1d4-0 iKsQBO"
        >
          <div
            class="StyledBox-sc-13pk1d4-0 dtCrhk FormField__FormFieldBox-m9hood-0 eenrNp"
          >
            <label
              class="StyledText-sc-1sadyjn-0 enbIRN"
            >
              overflow
            </label>
            <div
              class="StyledBox-sc-13pk1d4-0 cptOIG FormField__FormFieldContentBox-m9hood-1 ckZStK"
            />
            <span
              class="StyledText-sc-1sadyjn-0 ffslce"
            >
              box overflow.
            </span>
          </div>
        </div>
        <div
          class="StyledBox__StyledBoxGap-sc-13pk1d4-1 iecCCa"
        />
        <div
          class="StyledBox-sc-13pk1d4-0 iKsQBO"
        >
          <div
            class="StyledBox-sc-13pk1d4-0 dtCrhk FormField__FormFieldBox-m9hood-0 eenrNp"
          >
            <label
              class="StyledText-sc-1sadyjn-0 enbIRN"
            >
              pad
            </label>
            <div
              class="StyledBox-sc-13pk1d4-0 cptOIG FormField__FormFieldContentBox-m9hood-1 ckZStK"
            />
            <span
              class="StyledText-sc-1sadyjn-0 ffslce"
            >
              Spacing around the outer edge of
    the drawing coordinate area for the graphic elements to overflow into.
            </span>
          </div>
        </div>
        <div
          class="StyledBox__StyledBoxGap-sc-13pk1d4-1 iecCCa"
        />
        <div
          class="StyledBox-sc-13pk1d4-0 iKsQBO"
        >
          <div
            class="StyledBox-sc-13pk1d4-0 dtCrhk FormField__FormFieldBox-m9hood-0 eenrNp"
          >
            <label
              class="StyledText-sc-1sadyjn-0 enbIRN"
            >
              responsive
            </label>
            <div
              class="StyledBox-sc-13pk1d4-0 cptOIG FormField__FormFieldContentBox-m9hood-1 ckZStK"
            />
            <span
              class="StyledText-sc-1sadyjn-0 ffslce"
            >
              Whether margin, pad, and border
      sizes should be scaled for mobile environments.
            </span>
          </div>
        </div>
        <div
          class="StyledBox__StyledBoxGap-sc-13pk1d4-1 iecCCa"
        />
        <div
          class="StyledBox-sc-13pk1d4-0 iKsQBO"
        >
          <div
            class="StyledBox-sc-13pk1d4-0 dtCrhk FormField__FormFieldBox-m9hood-0 eenrNp"
          >
            <label
              class="StyledText-sc-1sadyjn-0 enbIRN"
            >
              round
            </label>
            <div
              class="StyledBox-sc-13pk1d4-0 cptOIG FormField__FormFieldContentBox-m9hood-1 ckZStK"
            />
            <span
              class="StyledText-sc-1sadyjn-0 ffslce"
            >
              How much to round the corners.
            </span>
          </div>
        </div>
        <div
          class="StyledBox__StyledBoxGap-sc-13pk1d4-1 iecCCa"
        />
        <div
          class="StyledBox-sc-13pk1d4-0 iKsQBO"
        >
          <div
            class="StyledBox-sc-13pk1d4-0 dtCrhk FormField__FormFieldBox-m9hood-0 eenrNp"
          >
            <label
              class="StyledText-sc-1sadyjn-0 enbIRN"
            >
              tag
            </label>
            <div
              class="StyledBox-sc-13pk1d4-0 cptOIG FormField__FormFieldContentBox-m9hood-1 ckZStK"
            />
            <span
              class="StyledText-sc-1sadyjn-0 ffslce"
            >
              The DOM tag to use for the element. NOTE: This is deprecated in favor
of indicating the DOM tag via the 'as' property.
            </span>
          </div>
        </div>
        <div
          class="StyledBox__StyledBoxGap-sc-13pk1d4-1 iecCCa"
        />
        <div
          class="StyledBox-sc-13pk1d4-0 iKsQBO"
        >
          <div
            class="StyledBox-sc-13pk1d4-0 dtCrhk FormField__FormFieldBox-m9hood-0 eenrNp"
          >
            <label
              class="StyledText-sc-1sadyjn-0 enbIRN"
            >
              as
            </label>
            <div
              class="StyledBox-sc-13pk1d4-0 cptOIG FormField__FormFieldContentBox-m9hood-1 ckZStK"
            />
            <span
              class="StyledText-sc-1sadyjn-0 ffslce"
            >
              The DOM tag or react component to use for the element.
            </span>
          </div>
        </div>
        <div
          class="StyledBox__StyledBoxGap-sc-13pk1d4-1 iecCCa"
        />
        <div
          class="StyledBox-sc-13pk1d4-0 iKsQBO"
        >
          <div
            class="StyledBox-sc-13pk1d4-0 dtCrhk FormField__FormFieldBox-m9hood-0 eenrNp"
          >
            <label
              class="StyledText-sc-1sadyjn-0 enbIRN"
            >
              width
            </label>
            <div
              class="StyledBox-sc-13pk1d4-0 cptOIG FormField__FormFieldContentBox-m9hood-1 ckZStK"
            />
            <span
              class="StyledText-sc-1sadyjn-0 ffslce"
            >
              A fixed width.
            </span>
          </div>
        </div>
        <div
          class="StyledBox__StyledBoxGap-sc-13pk1d4-1 iecCCa"
        />
        <div
          class="StyledBox-sc-13pk1d4-0 iKsQBO"
        >
          <div
            class="StyledBox-sc-13pk1d4-0 dtCrhk FormField__FormFieldBox-m9hood-0 eenrNp"
          >
            <label
              class="StyledText-sc-1sadyjn-0 enbIRN"
            >
              wrap
            </label>
            <div
              class="StyledBox-sc-13pk1d4-0 cptOIG FormField__FormFieldContentBox-m9hood-1 ckZStK"
            />
            <span
              class="StyledText-sc-1sadyjn-0 ffslce"
            >
              Whether children can wrap if they can't all fit.
            </span>
          </div>
        </div>
      </div>
    </div>
  </div>
</div>
`;
