// Jest Snapshot v1, https://goo.gl/fbAQLP

exports[`CalendarLayout can render 1`] = `
<div>
  <div
    class="StyledBox-sc-13pk1d4-0 iNKrsm CalendarLayout"
  >
    <div
      class="StyledGrid-sc-1wofa1l-0 cIFrny"
    >
      <p>
        Content for the CalendarLayout
      </p>
    </div>
  </div>
</div>
`;
