// Jest Snapshot v1, https://goo.gl/fbAQLP

exports[`TooltipButton can render 1`] = `
<div>
  <div
    class="StyledBox-sc-13pk1d4-0 gAsOLC"
  >
    <button
      class="StyledButton-sc-323bzc-0 kUDdtj"
      type="button"
    >
      <div
        class="StyledBox-sc-13pk1d4-0 fEOApw"
      />
    </button>
  </div>
</div>
`;
