// Jest Snapshot v1, https://goo.gl/fbAQLP

exports[`ProfileLayout can render 1`] = `
<div>
  <div
    class="StyledBox-sc-13pk1d4-0 iNKrsm ProfileLayout"
  >
    <p>
      Content for the ProfileLayout
    </p>
  </div>
</div>
`;
