// Jest Snapshot v1, https://goo.gl/fbAQLP

exports[`Cart can render 1`] = `
<div>
  <div
    class="ErrorBoundary"
  >
    <div
      class="StyledGrommet-sc-19lkkz7-0 lcXYAf"
    >
      <table
        class="StyledTable-sc-1m3u5g-6 bJymoW"
      >
        <thead
          class="StyledTable__StyledTableHeader-sc-1m3u5g-4 kdPLsZ"
        >
          <tr
            class="StyledTable__StyledTableRow-sc-1m3u5g-2 dSAyNg"
          >
            <th
              class="StyledTable__StyledTableCell-sc-1m3u5g-0 gsRqPi"
              scope="col"
            />
            <th
              class="StyledTable__StyledTableCell-sc-1m3u5g-0 gsRqPi"
              scope="col"
            />
            <th
              class="StyledTable__StyledTableCell-sc-1m3u5g-0 gsRqPi"
              scope="col"
            >
              <span
                class="StyledText-sc-1sadyjn-0 gmtNWw"
              >
                Product
              </span>
            </th>
            <th
              class="StyledTable__StyledTableCell-sc-1m3u5g-0 gsRqPi"
              scope="col"
            >
              <span
                class="StyledText-sc-1sadyjn-0 gmtNWw"
              >
                Price
              </span>
            </th>
            <th
              class="StyledTable__StyledTableCell-sc-1m3u5g-0 gsRqPi"
              scope="col"
            >
              <span
                class="StyledText-sc-1sadyjn-0 gmtNWw"
              >
                Quantity
              </span>
            </th>
            <th
              class="StyledTable__StyledTableCell-sc-1m3u5g-0 gsRqPi"
              scope="col"
            >
              <span
                class="StyledText-sc-1sadyjn-0 gmtNWw"
              >
                Total
              </span>
            </th>
          </tr>
        </thead>
        <tbody
          class="StyledTable__StyledTableBody-sc-1m3u5g-3 bMdIOJ"
        >
          <tr
            class="StyledTable__StyledTableRow-sc-1m3u5g-2 dSAyNg"
          >
            <th
              class="StyledTable__StyledTableCell-sc-1m3u5g-0 glVxec"
              scope="row"
            >
              <button
                class="StyledButton-sc-323bzc-0 fKcmhi"
                type="button"
              >
                <svg
                  aria-label="FormClose"
                  class="StyledIcon-ofa7kd-0 jXwebn"
                  viewBox="0 0 24 24"
                >
                  <path
                    d="M7,7 L17,17 M7,17 L17,7"
                    fill="none"
                    stroke="#000"
                    stroke-width="2"
                  />
                </svg>
              </button>
            </th>
            <th
              class="StyledTable__StyledTableCell-sc-1m3u5g-0 glVxec"
              scope="row"
            >
              <div
                class="StyledBox-sc-13pk1d4-0 kXmHqE"
              >
                <img
                  class="StyledImage-ey4zx9-0 cHpGKY"
                  src="/placeholder/img/food/coffee-1200xauto.jpg"
                />
              </div>
            </th>
            <th
              class="StyledTable__StyledTableCell-sc-1m3u5g-0 glVxec"
              scope="row"
            >
              <span
                class="StyledText-sc-1sadyjn-0 gmtNWw"
              >
                Coffee
              </span>
              <p
                class="StyledParagraph-tbetod-0 sfzUl"
              >
                Reprehenderit in sint eiusmod esse Lorem laboris cillum nostrud ut quis ipsum non duis magna. Ea sit non id qui minim do nisi tempor ad. Proident ipsum aliqua nisi magna reprehenderit deserunt exercitation veniam laborum ad est aliquip amet. Culpa ullamco id esse culpa exercitation. Velit amet aliqua cillum tempor dolor laborum laborum. Tempor do officia ex enim anim. Labore do qui est occaecat fugiat et anim id laboris.
              </p>
            </th>
            <th
              class="StyledTable__StyledTableCell-sc-1m3u5g-0 glVxec"
              scope="row"
            >
              <span
                class="StyledText-sc-1sadyjn-0 gmtNWw"
              >
                $10.99
              </span>
            </th>
            <th
              class="StyledTable__StyledTableCell-sc-1m3u5g-0 glVxec"
              scope="row"
            >
              <div
                class="StyledBox-sc-13pk1d4-0 DuuRB"
              >
                <div
                  class="StyledTextInput__StyledTextInputContainer-sc-1x30a0s-1 ksQrmr"
                >
                  <input
                    autocomplete="off"
                    class="StyledTextInput-sc-1x30a0s-0 hsswYj"
                    type="number"
                    value="3"
                  />
                </div>
              </div>
            </th>
            <th
              class="StyledTable__StyledTableCell-sc-1m3u5g-0 glVxec"
              scope="row"
            >
              <span
                class="StyledText-sc-1sadyjn-0 gmtNWw"
              >
                $32.97
              </span>
            </th>
          </tr>
          <tr
            class="StyledTable__StyledTableRow-sc-1m3u5g-2 dSAyNg"
          >
            <th
              class="StyledTable__StyledTableCell-sc-1m3u5g-0 glVxec"
              scope="row"
            >
              <button
                class="StyledButton-sc-323bzc-0 fKcmhi"
                type="button"
              >
                <svg
                  aria-label="FormClose"
                  class="StyledIcon-ofa7kd-0 jXwebn"
                  viewBox="0 0 24 24"
                >
                  <path
                    d="M7,7 L17,17 M7,17 L17,7"
                    fill="none"
                    stroke="#000"
                    stroke-width="2"
                  />
                </svg>
              </button>
            </th>
            <th
              class="StyledTable__StyledTableCell-sc-1m3u5g-0 glVxec"
              scope="row"
            >
              <div
                class="StyledBox-sc-13pk1d4-0 kXmHqE"
              >
                <img
                  class="StyledImage-ey4zx9-0 cHpGKY"
                  src="/placeholder/img/food/honey-1200xauto.jpg"
                />
              </div>
            </th>
            <th
              class="StyledTable__StyledTableCell-sc-1m3u5g-0 glVxec"
              scope="row"
            >
              <span
                class="StyledText-sc-1sadyjn-0 gmtNWw"
              >
                Honey
              </span>
              <p
                class="StyledParagraph-tbetod-0 sfzUl"
              >
                Reprehenderit in sint eiusmod esse Lorem laboris cillum nostrud ut quis ipsum non duis magna. Ea sit non id qui minim do nisi tempor ad. Proident ipsum aliqua nisi magna reprehenderit deserunt exercitation veniam laborum ad est aliquip amet. Culpa ullamco id esse culpa exercitation. Velit amet aliqua cillum tempor dolor laborum laborum. Tempor do officia ex enim anim. Labore do qui est occaecat fugiat et anim id laboris.
              </p>
            </th>
            <th
              class="StyledTable__StyledTableCell-sc-1m3u5g-0 glVxec"
              scope="row"
            >
              <span
                class="StyledText-sc-1sadyjn-0 gmtNWw"
              >
                $200.99
              </span>
            </th>
            <th
              class="StyledTable__StyledTableCell-sc-1m3u5g-0 glVxec"
              scope="row"
            >
              <div
                class="StyledBox-sc-13pk1d4-0 DuuRB"
              >
                <div
                  class="StyledTextInput__StyledTextInputContainer-sc-1x30a0s-1 ksQrmr"
                >
                  <input
                    autocomplete="off"
                    class="StyledTextInput-sc-1x30a0s-0 hsswYj"
                    type="number"
                    value="3"
                  />
                </div>
              </div>
            </th>
            <th
              class="StyledTable__StyledTableCell-sc-1m3u5g-0 glVxec"
              scope="row"
            >
              <span
                class="StyledText-sc-1sadyjn-0 gmtNWw"
              >
                $602.97
              </span>
            </th>
          </tr>
          <tr
            class="StyledTable__StyledTableRow-sc-1m3u5g-2 dSAyNg"
          >
            <th
              class="StyledTable__StyledTableCell-sc-1m3u5g-0 glVxec"
              scope="row"
            >
              <button
                class="StyledButton-sc-323bzc-0 fKcmhi"
                type="button"
              >
                <svg
                  aria-label="FormClose"
                  class="StyledIcon-ofa7kd-0 jXwebn"
                  viewBox="0 0 24 24"
                >
                  <path
                    d="M7,7 L17,17 M7,17 L17,7"
                    fill="none"
                    stroke="#000"
                    stroke-width="2"
                  />
                </svg>
              </button>
            </th>
            <th
              class="StyledTable__StyledTableCell-sc-1m3u5g-0 glVxec"
              scope="row"
            >
              <div
                class="StyledBox-sc-13pk1d4-0 kXmHqE"
              >
                <img
                  class="StyledImage-ey4zx9-0 cHpGKY"
                  src="/placeholder/img/food/onion-1200xauto.jpg"
                />
              </div>
            </th>
            <th
              class="StyledTable__StyledTableCell-sc-1m3u5g-0 glVxec"
              scope="row"
            >
              <span
                class="StyledText-sc-1sadyjn-0 gmtNWw"
              >
                Onions
              </span>
              <p
                class="StyledParagraph-tbetod-0 sfzUl"
              >
                Reprehenderit in sint eiusmod esse Lorem laboris cillum nostrud ut quis ipsum non duis magna. Ea sit non id qui minim do nisi tempor ad. Proident ipsum aliqua nisi magna reprehenderit deserunt exercitation veniam laborum ad est aliquip amet. Culpa ullamco id esse culpa exercitation. Velit amet aliqua cillum tempor dolor laborum laborum. Tempor do officia ex enim anim. Labore do qui est occaecat fugiat et anim id laboris.
              </p>
            </th>
            <th
              class="StyledTable__StyledTableCell-sc-1m3u5g-0 glVxec"
              scope="row"
            >
              <span
                class="StyledText-sc-1sadyjn-0 gmtNWw"
              >
                $3,000.99
              </span>
            </th>
            <th
              class="StyledTable__StyledTableCell-sc-1m3u5g-0 glVxec"
              scope="row"
            >
              <div
                class="StyledBox-sc-13pk1d4-0 DuuRB"
              >
                <div
                  class="StyledTextInput__StyledTextInputContainer-sc-1x30a0s-1 ksQrmr"
                >
                  <input
                    autocomplete="off"
                    class="StyledTextInput-sc-1x30a0s-0 hsswYj"
                    type="number"
                    value="1"
                  />
                </div>
              </div>
            </th>
            <th
              class="StyledTable__StyledTableCell-sc-1m3u5g-0 glVxec"
              scope="row"
            >
              <span
                class="StyledText-sc-1sadyjn-0 gmtNWw"
              >
                $3,000.99
              </span>
            </th>
          </tr>
          <tr
            class="StyledTable__StyledTableRow-sc-1m3u5g-2 dSAyNg"
          >
            <th
              class="StyledTable__StyledTableCell-sc-1m3u5g-0 glVxec"
              scope="row"
            >
              <button
                class="StyledButton-sc-323bzc-0 fKcmhi"
                type="button"
              >
                <svg
                  aria-label="FormClose"
                  class="StyledIcon-ofa7kd-0 jXwebn"
                  viewBox="0 0 24 24"
                >
                  <path
                    d="M7,7 L17,17 M7,17 L17,7"
                    fill="none"
                    stroke="#000"
                    stroke-width="2"
                  />
                </svg>
              </button>
            </th>
            <th
              class="StyledTable__StyledTableCell-sc-1m3u5g-0 glVxec"
              scope="row"
            >
              <div
                class="StyledBox-sc-13pk1d4-0 kXmHqE"
              >
                <img
                  class="StyledImage-ey4zx9-0 cHpGKY"
                  src="/placeholder/img/food/strawberry-1200xauto.jpg"
                />
              </div>
            </th>
            <th
              class="StyledTable__StyledTableCell-sc-1m3u5g-0 glVxec"
              scope="row"
            >
              <span
                class="StyledText-sc-1sadyjn-0 gmtNWw"
              >
                Strawberries
              </span>
              <p
                class="StyledParagraph-tbetod-0 sfzUl"
              >
                Reprehenderit in sint eiusmod esse Lorem laboris cillum nostrud ut quis ipsum non duis magna. Ea sit non id qui minim do nisi tempor ad. Proident ipsum aliqua nisi magna reprehenderit deserunt exercitation veniam laborum ad est aliquip amet. Culpa ullamco id esse culpa exercitation. Velit amet aliqua cillum tempor dolor laborum laborum. Tempor do officia ex enim anim. Labore do qui est occaecat fugiat et anim id laboris.
              </p>
            </th>
            <th
              class="StyledTable__StyledTableCell-sc-1m3u5g-0 glVxec"
              scope="row"
            >
              <span
                class="StyledText-sc-1sadyjn-0 gmtNWw"
              >
                $500.99
              </span>
            </th>
            <th
              class="StyledTable__StyledTableCell-sc-1m3u5g-0 glVxec"
              scope="row"
            >
              <div
                class="StyledBox-sc-13pk1d4-0 DuuRB"
              >
                <div
                  class="StyledTextInput__StyledTextInputContainer-sc-1x30a0s-1 ksQrmr"
                >
                  <input
                    autocomplete="off"
                    class="StyledTextInput-sc-1x30a0s-0 hsswYj"
                    type="number"
                    value="7"
                  />
                </div>
              </div>
            </th>
            <th
              class="StyledTable__StyledTableCell-sc-1m3u5g-0 glVxec"
              scope="row"
            >
              <span
                class="StyledText-sc-1sadyjn-0 gmtNWw"
              >
                $3,506.93
              </span>
            </th>
          </tr>
          <tr
            class="StyledTable__StyledTableRow-sc-1m3u5g-2 dSAyNg"
          >
            <th
              class="StyledTable__StyledTableCell-sc-1m3u5g-0 glVxec"
              scope="row"
            >
              <button
                class="StyledButton-sc-323bzc-0 fKcmhi"
                type="button"
              >
                <svg
                  aria-label="FormClose"
                  class="StyledIcon-ofa7kd-0 jXwebn"
                  viewBox="0 0 24 24"
                >
                  <path
                    d="M7,7 L17,17 M7,17 L17,7"
                    fill="none"
                    stroke="#000"
                    stroke-width="2"
                  />
                </svg>
              </button>
            </th>
            <th
              class="StyledTable__StyledTableCell-sc-1m3u5g-0 glVxec"
              scope="row"
            >
              <div
                class="StyledBox-sc-13pk1d4-0 kXmHqE"
              >
                <img
                  class="StyledImage-ey4zx9-0 cHpGKY"
                  src="/placeholder/img/food/tea-1200xauto.jpg"
                />
              </div>
            </th>
            <th
              class="StyledTable__StyledTableCell-sc-1m3u5g-0 glVxec"
              scope="row"
            >
              <span
                class="StyledText-sc-1sadyjn-0 gmtNWw"
              >
                Tea
              </span>
              <p
                class="StyledParagraph-tbetod-0 sfzUl"
              >
                Reprehenderit in sint eiusmod esse Lorem laboris cillum nostrud ut quis ipsum non duis magna. Ea sit non id qui minim do nisi tempor ad. Proident ipsum aliqua nisi magna reprehenderit deserunt exercitation veniam laborum ad est aliquip amet. Culpa ullamco id esse culpa exercitation. Velit amet aliqua cillum tempor dolor laborum laborum. Tempor do officia ex enim anim. Labore do qui est occaecat fugiat et anim id laboris.
              </p>
            </th>
            <th
              class="StyledTable__StyledTableCell-sc-1m3u5g-0 glVxec"
              scope="row"
            >
              <span
                class="StyledText-sc-1sadyjn-0 gmtNWw"
              >
                $6,000.99
              </span>
            </th>
            <th
              class="StyledTable__StyledTableCell-sc-1m3u5g-0 glVxec"
              scope="row"
            >
              <div
                class="StyledBox-sc-13pk1d4-0 DuuRB"
              >
                <div
                  class="StyledTextInput__StyledTextInputContainer-sc-1x30a0s-1 ksQrmr"
                >
                  <input
                    autocomplete="off"
                    class="StyledTextInput-sc-1x30a0s-0 hsswYj"
                    type="number"
                    value="2"
                  />
                </div>
              </div>
            </th>
            <th
              class="StyledTable__StyledTableCell-sc-1m3u5g-0 glVxec"
              scope="row"
            >
              <span
                class="StyledText-sc-1sadyjn-0 gmtNWw"
              >
                $12,001.98
              </span>
            </th>
          </tr>
        </tbody>
        <tfoot
          class="StyledTable__StyledTableFooter-sc-1m3u5g-5 iKFIhK"
        >
          <tr
            class="StyledTable__StyledTableRow-sc-1m3u5g-2 dSAyNg"
          >
            <td
              class="StyledTable__StyledTableCell-sc-1m3u5g-0 kgsbPu"
            />
            <td
              class="StyledTable__StyledTableCell-sc-1m3u5g-0 kgsbPu"
            />
            <td
              class="StyledTable__StyledTableCell-sc-1m3u5g-0 kgsbPu"
            />
            <td
              class="StyledTable__StyledTableCell-sc-1m3u5g-0 kgsbPu"
            />
            <td
              class="StyledTable__StyledTableCell-sc-1m3u5g-0 cNkMga"
            >
              <span
                class="StyledText-sc-1sadyjn-0 gmtNWw"
              >
                Total
              </span>
            </td>
            <td
              class="StyledTable__StyledTableCell-sc-1m3u5g-0 kgsbPu"
            >
              <span
                class="StyledText-sc-1sadyjn-0 gmtNWw"
              >
                $19,145.84
              </span>
            </td>
          </tr>
        </tfoot>
      </table>
    </div>
  </div>
</div>
`;
