// Jest Snapshot v1, https://goo.gl/fbAQLP

exports[`AppLayout can render 1`] = `
<div>
  <div
    class="StyledBox-sc-13pk1d4-0 iNKrsm AppLayout"
  >
    <div
      class="StyledGrid-sc-1wofa1l-0 fBOymk"
    >
      <p>
        Content for the AppLayout
      </p>
    </div>
  </div>
</div>
`;
