// Jest Snapshot v1, https://goo.gl/fbAQLP

exports[`Commerce can render 1`] = `
<div>
  <div
    class="ErrorBoundary"
  >
    <div
      class="StyledGrommet-sc-19lkkz7-0 lcXYAf"
    />
  </div>
</div>
`;
