// Jest Snapshot v1, https://goo.gl/fbAQLP

exports[`Icon can render 1`] = `
<div>
  
</div>
`;
