// Jest Snapshot v1, https://goo.gl/fbAQLP

exports[`Feed can render 1`] = `
<div>
  <div
    class="ErrorBoundary"
  >
    <div
      class="StyledGrommet-sc-19lkkz7-0 ggTDHw"
    >
      <div
        class="StyledGrid-sc-1wofa1l-0 gkFTQP"
      >
        <div
          class="StyledBox-sc-13pk1d4-0 lniiPm"
        >
          <div
            class="StyledBox-sc-13pk1d4-0 iRLlcy"
          >
            <div
              class="StyledBox-sc-13pk1d4-0 ieCFzn StyledAvatar-sc-1suyamb-1"
            />
            <div
              class="StyledBox__StyledBoxGap-sc-13pk1d4-1 iGRskX"
            />
            <div
              class="StyledBox-sc-13pk1d4-0 hdDmGZ"
            >
              <textarea
                class="StyledTextArea-sc-17i3mwp-0 dqFkmB"
                placeholder="What's on your mind?"
              />
            </div>
          </div>
        </div>
        <div
          class="StyledBox-sc-13pk1d4-0 gRbLcs"
        >
          <div
            class="StyledBox-sc-13pk1d4-0 jxeweO"
          >
            <div
              class="StyledBox-sc-13pk1d4-0 dZFOnT"
              title="A title for post 1"
            >
              <div
                class="StyledBox-sc-13pk1d4-0 iSmarO"
              >
                <div
                  class="StyledBox-sc-13pk1d4-0 ieCFzn StyledAvatar-sc-1suyamb-1"
                />
                <div
                  class="StyledBox__StyledBoxGap-sc-13pk1d4-1 iGRskX"
                />
                <div
                  class="StyledBox-sc-13pk1d4-0 gAsOLC"
                >
                  <span
                    class="StyledText-sc-1sadyjn-0 fiywiB"
                  >
                    John
                     
                    D
                  </span>
                  <span
                    class="StyledText-sc-1sadyjn-0 eIpmFk"
                  >
                    1 month ago
                  </span>
                </div>
              </div>
              <div
                class="StyledBox__StyledBoxGap-sc-13pk1d4-1 eaIbGj"
              />
              <div
                class="StyledBox-sc-13pk1d4-0 gAsOLC"
              >
                <span>
                  A much longer bit of content for post 1.
                </span>
              </div>
              <div
                class="StyledBox__StyledBoxGap-sc-13pk1d4-1 eaIbGj"
              />
              <div
                class="StyledBox-sc-13pk1d4-0 iRLlcy"
              >
                <div
                  class="StyledBox-sc-13pk1d4-0 iRLlcy"
                >
                  <button
                    class="StyledButton-sc-323bzc-0 IBTSy"
                    type="button"
                  >
                    <svg
                      aria-label="Like"
                      class="StyledIcon-ofa7kd-0 bjwIvs"
                      viewBox="0 0 24 24"
                    >
                      <path
                        d="M1,23 L20,23 C22,23 23,22 23,20 L23,10 L16,10 L16,4 C16,2 15,1 13,1 L11,1 C11,1 10.9842682,7 10.9842677,8.32575545 C10.9842672,9.65151089 10,11 8,11 L1,11 L1,23 Z M6,23 L6,11"
                        fill="none"
                        stroke="#000"
                        stroke-width="2"
                      />
                    </svg>
                  </button>
                  <div
                    class="StyledBox__StyledBoxGap-sc-13pk1d4-1 iGRskX"
                  />
                  <span
                    class="StyledText-sc-1sadyjn-0 keEqcz"
                  >
                    1
                  </span>
                </div>
                <div
                  class="StyledBox__StyledBoxGap-sc-13pk1d4-1 hRwOln"
                />
                <div
                  class="StyledBox-sc-13pk1d4-0 iRLlcy"
                >
                  <button
                    class="StyledButton-sc-323bzc-0 IBTSy"
                    type="button"
                  >
                    <svg
                      aria-label="Chat"
                      class="StyledIcon-ofa7kd-0 bjwIvs"
                      viewBox="0 0 24 24"
                    >
                      <path
                        d="M5,1 L19,1 L19,1 C21.209139,1 23,2.790861 23,5 L23,13 L23,13 C23,15.209139 21.209139,17 19,17 L7,17 L1,22 L1,5 L1,5 C1,2.790861 2.790861,1 5,1 Z M5,7 L18,7 M5,11 L14,11"
                        fill="none"
                        stroke="#000000"
                        stroke-width="2"
                        transform="matrix(-1 0 0 1 24 0)"
                      />
                    </svg>
                  </button>
                  <div
                    class="StyledBox__StyledBoxGap-sc-13pk1d4-1 iGRskX"
                  />
                  <span
                    class="StyledText-sc-1sadyjn-0 keEqcz"
                  >
                    1
                  </span>
                </div>
                <div
                  class="StyledBox__StyledBoxGap-sc-13pk1d4-1 hRwOln"
                />
                <div
                  class="StyledBox-sc-13pk1d4-0 iRLlcy"
                >
                  <button
                    class="StyledButton-sc-323bzc-0 IBTSy"
                    type="button"
                  >
                    <svg
                      aria-label="Share"
                      class="StyledIcon-ofa7kd-0 bjwIvs"
                      viewBox="0 0 24 24"
                    >
                      <path
                        d="M19,13 L19,23 L1,23 L1,5 L1,5 L11,5 M14,1 L23,1 L23,10 M10,14 L22.9999998,1 L10,14 Z"
                        fill="none"
                        stroke="#000"
                        stroke-width="2"
                      />
                    </svg>
                  </button>
                  <div
                    class="StyledBox__StyledBoxGap-sc-13pk1d4-1 iGRskX"
                  />
                  <span
                    class="StyledText-sc-1sadyjn-0 keEqcz"
                  >
                    1
                  </span>
                </div>
              </div>
            </div>
            <div
              class="StyledBox-sc-13pk1d4-0 dZFOnT"
              title="A title for post 2"
            >
              <div
                class="StyledBox-sc-13pk1d4-0 iSmarO"
              >
                <div
                  class="StyledBox-sc-13pk1d4-0 jxXpSk StyledAvatar-sc-1suyamb-1"
                />
                <div
                  class="StyledBox__StyledBoxGap-sc-13pk1d4-1 iGRskX"
                />
                <div
                  class="StyledBox-sc-13pk1d4-0 gAsOLC"
                >
                  <span
                    class="StyledText-sc-1sadyjn-0 fiywiB"
                  >
                    Jane
                     
                    D
                  </span>
                  <span
                    class="StyledText-sc-1sadyjn-0 eIpmFk"
                  >
                    1 month ago
                  </span>
                </div>
              </div>
              <div
                class="StyledBox__StyledBoxGap-sc-13pk1d4-1 eaIbGj"
              />
              <div
                class="StyledBox-sc-13pk1d4-0 gAsOLC"
              >
                <span>
                  A much longer bit of content for post 2.
                </span>
              </div>
              <div
                class="StyledBox__StyledBoxGap-sc-13pk1d4-1 eaIbGj"
              />
              <div
                class="StyledBox-sc-13pk1d4-0 iRLlcy"
              >
                <div
                  class="StyledBox-sc-13pk1d4-0 iRLlcy"
                >
                  <button
                    class="StyledButton-sc-323bzc-0 IBTSy"
                    type="button"
                  >
                    <svg
                      aria-label="Like"
                      class="StyledIcon-ofa7kd-0 bjwIvs"
                      viewBox="0 0 24 24"
                    >
                      <path
                        d="M1,23 L20,23 C22,23 23,22 23,20 L23,10 L16,10 L16,4 C16,2 15,1 13,1 L11,1 C11,1 10.9842682,7 10.9842677,8.32575545 C10.9842672,9.65151089 10,11 8,11 L1,11 L1,23 Z M6,23 L6,11"
                        fill="none"
                        stroke="#000"
                        stroke-width="2"
                      />
                    </svg>
                  </button>
                  <div
                    class="StyledBox__StyledBoxGap-sc-13pk1d4-1 iGRskX"
                  />
                  <span
                    class="StyledText-sc-1sadyjn-0 keEqcz"
                  >
                    1
                  </span>
                </div>
                <div
                  class="StyledBox__StyledBoxGap-sc-13pk1d4-1 hRwOln"
                />
                <div
                  class="StyledBox-sc-13pk1d4-0 iRLlcy"
                >
                  <button
                    class="StyledButton-sc-323bzc-0 IBTSy"
                    type="button"
                  >
                    <svg
                      aria-label="Chat"
                      class="StyledIcon-ofa7kd-0 bjwIvs"
                      viewBox="0 0 24 24"
                    >
                      <path
                        d="M5,1 L19,1 L19,1 C21.209139,1 23,2.790861 23,5 L23,13 L23,13 C23,15.209139 21.209139,17 19,17 L7,17 L1,22 L1,5 L1,5 C1,2.790861 2.790861,1 5,1 Z M5,7 L18,7 M5,11 L14,11"
                        fill="none"
                        stroke="#000000"
                        stroke-width="2"
                        transform="matrix(-1 0 0 1 24 0)"
                      />
                    </svg>
                  </button>
                  <div
                    class="StyledBox__StyledBoxGap-sc-13pk1d4-1 iGRskX"
                  />
                  <span
                    class="StyledText-sc-1sadyjn-0 keEqcz"
                  >
                    1
                  </span>
                </div>
                <div
                  class="StyledBox__StyledBoxGap-sc-13pk1d4-1 hRwOln"
                />
                <div
                  class="StyledBox-sc-13pk1d4-0 iRLlcy"
                >
                  <button
                    class="StyledButton-sc-323bzc-0 IBTSy"
                    type="button"
                  >
                    <svg
                      aria-label="Share"
                      class="StyledIcon-ofa7kd-0 bjwIvs"
                      viewBox="0 0 24 24"
                    >
                      <path
                        d="M19,13 L19,23 L1,23 L1,5 L1,5 L11,5 M14,1 L23,1 L23,10 M10,14 L22.9999998,1 L10,14 Z"
                        fill="none"
                        stroke="#000"
                        stroke-width="2"
                      />
                    </svg>
                  </button>
                  <div
                    class="StyledBox__StyledBoxGap-sc-13pk1d4-1 iGRskX"
                  />
                  <span
                    class="StyledText-sc-1sadyjn-0 keEqcz"
                  >
                    1
                  </span>
                </div>
              </div>
            </div>
            <div
              class="StyledBox-sc-13pk1d4-0 dZFOnT"
              title="A title for post 3"
            >
              <div
                class="StyledBox-sc-13pk1d4-0 iSmarO"
              >
                <div
                  class="StyledBox-sc-13pk1d4-0 bICgJw StyledAvatar-sc-1suyamb-1"
                />
                <div
                  class="StyledBox__StyledBoxGap-sc-13pk1d4-1 iGRskX"
                />
                <div
                  class="StyledBox-sc-13pk1d4-0 gAsOLC"
                >
                  <span
                    class="StyledText-sc-1sadyjn-0 fiywiB"
                  >
                    Bill
                     
                    S
                  </span>
                  <span
                    class="StyledText-sc-1sadyjn-0 eIpmFk"
                  >
                    1 month ago
                  </span>
                </div>
              </div>
              <div
                class="StyledBox__StyledBoxGap-sc-13pk1d4-1 eaIbGj"
              />
              <div
                class="StyledBox-sc-13pk1d4-0 gAsOLC"
              >
                <span>
                  A much longer bit of content for post 3.
                </span>
              </div>
              <div
                class="StyledBox__StyledBoxGap-sc-13pk1d4-1 eaIbGj"
              />
              <div
                class="StyledBox-sc-13pk1d4-0 iRLlcy"
              >
                <div
                  class="StyledBox-sc-13pk1d4-0 iRLlcy"
                >
                  <button
                    class="StyledButton-sc-323bzc-0 IBTSy"
                    type="button"
                  >
                    <svg
                      aria-label="Like"
                      class="StyledIcon-ofa7kd-0 bjwIvs"
                      viewBox="0 0 24 24"
                    >
                      <path
                        d="M1,23 L20,23 C22,23 23,22 23,20 L23,10 L16,10 L16,4 C16,2 15,1 13,1 L11,1 C11,1 10.9842682,7 10.9842677,8.32575545 C10.9842672,9.65151089 10,11 8,11 L1,11 L1,23 Z M6,23 L6,11"
                        fill="none"
                        stroke="#000"
                        stroke-width="2"
                      />
                    </svg>
                  </button>
                  <div
                    class="StyledBox__StyledBoxGap-sc-13pk1d4-1 iGRskX"
                  />
                  <span
                    class="StyledText-sc-1sadyjn-0 keEqcz"
                  >
                    1
                  </span>
                </div>
                <div
                  class="StyledBox__StyledBoxGap-sc-13pk1d4-1 hRwOln"
                />
                <div
                  class="StyledBox-sc-13pk1d4-0 iRLlcy"
                >
                  <button
                    class="StyledButton-sc-323bzc-0 IBTSy"
                    type="button"
                  >
                    <svg
                      aria-label="Chat"
                      class="StyledIcon-ofa7kd-0 bjwIvs"
                      viewBox="0 0 24 24"
                    >
                      <path
                        d="M5,1 L19,1 L19,1 C21.209139,1 23,2.790861 23,5 L23,13 L23,13 C23,15.209139 21.209139,17 19,17 L7,17 L1,22 L1,5 L1,5 C1,2.790861 2.790861,1 5,1 Z M5,7 L18,7 M5,11 L14,11"
                        fill="none"
                        stroke="#000000"
                        stroke-width="2"
                        transform="matrix(-1 0 0 1 24 0)"
                      />
                    </svg>
                  </button>
                  <div
                    class="StyledBox__StyledBoxGap-sc-13pk1d4-1 iGRskX"
                  />
                  <span
                    class="StyledText-sc-1sadyjn-0 keEqcz"
                  >
                    1
                  </span>
                </div>
                <div
                  class="StyledBox__StyledBoxGap-sc-13pk1d4-1 hRwOln"
                />
                <div
                  class="StyledBox-sc-13pk1d4-0 iRLlcy"
                >
                  <button
                    class="StyledButton-sc-323bzc-0 IBTSy"
                    type="button"
                  >
                    <svg
                      aria-label="Share"
                      class="StyledIcon-ofa7kd-0 bjwIvs"
                      viewBox="0 0 24 24"
                    >
                      <path
                        d="M19,13 L19,23 L1,23 L1,5 L1,5 L11,5 M14,1 L23,1 L23,10 M10,14 L22.9999998,1 L10,14 Z"
                        fill="none"
                        stroke="#000"
                        stroke-width="2"
                      />
                    </svg>
                  </button>
                  <div
                    class="StyledBox__StyledBoxGap-sc-13pk1d4-1 iGRskX"
                  />
                  <span
                    class="StyledText-sc-1sadyjn-0 keEqcz"
                  >
                    1
                  </span>
                </div>
              </div>
            </div>
          </div>
        </div>
      </div>
    </div>
  </div>
</div>
`;
