// Jest Snapshot v1, https://goo.gl/fbAQLP

exports[`ButtonGroup can render 1`] = `
<div>
  <div
    class="StyledBox-sc-13pk1d4-0 rpWqh ButtonGroup"
  >
    React.Children.map(children, function () 
    )
  </div>
</div>
`;
