// Jest Snapshot v1, https://goo.gl/fbAQLP

exports[`Docs can render 1`] = `
<div>
  <div
    class="StyledBox-sc-13pk1d4-0 bFwQzJ Docs"
  >
    <p>
      Content for the Docs
    </p>
  </div>
</div>
`;
