// Jest Snapshot v1, https://goo.gl/fbAQLP

exports[`Flag can render 1`] = `undefined`;
