// Jest Snapshot v1, https://goo.gl/fbAQLP

exports[`Feature can render 1`] = `undefined`;
